// Jest Snapshot v1, https://goo.gl/fbAQLP

exports[`Navigation bar renders without crashing 1`] = `
<nav
  className="navbar navbar-default"
  style={
    Object {
      "marginBottom": "0",
    }
  }
>
  <div
    className="container"
  >
    <div
      className="navbar-header"
    >
      <a
        className="navbar-brand"
        href="/"
        onClick={[Function]}
        style={
          Object {
            "color": "red",
          }
        }
      >
        HotSpot
      </a>
      <button
        className="navbar-toggle collapsed"
        onClick={[Function]}
        type="button"
      >
        <span
          className="sr-only"
        >
          Toggle navigation
        </span>
        <span
          className="icon-bar"
        />
        <span
          className="icon-bar"
        />
        <span
          className="icon-bar"
        />
      </button>
    </div>
    <div
      aria-expanded={null}
      className="navbar-collapse collapse"
    >
      <ul
        className="nav navbar-nav"
        role={null}
      >
        <li
          className=""
          role="presentation"
          style={undefined}
        >
          <a
            href="https://github.com/phuchle/hotspot"
            onClick={[Function]}
          >
            Source Code
          </a>
        </li>
      </ul>
    </div>
  </div>
</nav>
`;
